.expo/types/router.d.ts(9,3998): error TS1005: ']' expected.
.expo/types/router.d.ts(9,4010): error TS1109: Expression expected.
.expo/types/router.d.ts(9,4041): error TS1109: Expression expected.
.expo/types/router.d.ts(9,4155): error TS1005: ',' expected.
.expo/types/router.d.ts(9,4267): error TS1005: ',' expected.
.expo/types/router.d.ts(9,4363): error TS1005: ',' expected.
.expo/types/router.d.ts(10,71): error TS1109: Expression expected.
.expo/types/router.d.ts(10,102): error TS1109: Expression expected.
.expo/types/router.d.ts(10,205): error TS1005: ',' expected.
.expo/types/router.d.ts(10,242): error TS1005: ',' expected.
.expo/types/router.d.ts(10,270): error TS1005: ',' expected.
.expo/types/router.d.ts(10,307): error TS1005: ',' expected.
.expo/types/router.d.ts(10,332): error TS1005: ',' expected.
.expo/types/router.d.ts(10,369): error TS1005: ',' expected.
.expo/types/router.d.ts(10,390): error TS1005: ',' expected.
.expo/types/router.d.ts(10,427): error TS1005: ',' expected.
.expo/types/router.d.ts(10,458): error TS1005: ',' expected.
.expo/types/router.d.ts(10,495): error TS1005: ',' expected.
.expo/types/router.d.ts(10,523): error TS1005: ',' expected.
.expo/types/router.d.ts(10,560): error TS1005: ',' expected.
.expo/types/router.d.ts(10,586): error TS1005: ',' expected.
.expo/types/router.d.ts(10,623): error TS1005: ',' expected.
.expo/types/router.d.ts(10,652): error TS1005: ',' expected.
.expo/types/router.d.ts(10,689): error TS1005: ',' expected.
.expo/types/router.d.ts(10,754): error TS1005: ',' expected.
.expo/types/router.d.ts(10,791): error TS1005: ',' expected.
.expo/types/router.d.ts(10,872): error TS1005: ',' expected.
.expo/types/router.d.ts(10,909): error TS1005: ',' expected.
.expo/types/router.d.ts(10,958): error TS1005: ',' expected.
.expo/types/router.d.ts(10,995): error TS1005: ',' expected.
.expo/types/router.d.ts(10,1042): error TS1005: ',' expected.
.expo/types/router.d.ts(10,1079): error TS1005: ',' expected.
.expo/types/router.d.ts(10,1136): error TS1005: ',' expected.
.expo/types/router.d.ts(10,1173): error TS1005: ',' expected.
.expo/types/router.d.ts(10,1258): error TS1005: ',' expected.
.expo/types/router.d.ts(10,1295): error TS1005: ',' expected.
.expo/types/router.d.ts(10,1364): error TS1005: ',' expected.
.expo/types/router.d.ts(10,1401): error TS1005: ',' expected.
.expo/types/router.d.ts(10,1454): error TS1005: ',' expected.
.expo/types/router.d.ts(10,1491): error TS1005: ',' expected.
.expo/types/router.d.ts(10,1574): error TS1005: ',' expected.
.expo/types/router.d.ts(10,1611): error TS1005: ',' expected.
.expo/types/router.d.ts(10,1690): error TS1005: ',' expected.
.expo/types/router.d.ts(10,1727): error TS1005: ',' expected.
.expo/types/router.d.ts(10,1806): error TS1005: ',' expected.
.expo/types/router.d.ts(10,1843): error TS1005: ',' expected.
.expo/types/router.d.ts(10,1928): error TS1005: ',' expected.
.expo/types/router.d.ts(10,1965): error TS1005: ',' expected.
.expo/types/router.d.ts(10,2038): error TS1005: ',' expected.
.expo/types/router.d.ts(10,2075): error TS1005: ',' expected.
.expo/types/router.d.ts(10,2158): error TS1005: ',' expected.
.expo/types/router.d.ts(10,2195): error TS1005: ',' expected.
.expo/types/router.d.ts(10,2244): error TS1005: ',' expected.
.expo/types/router.d.ts(10,2281): error TS1005: ',' expected.
.expo/types/router.d.ts(10,2358): error TS1005: ',' expected.
.expo/types/router.d.ts(10,2395): error TS1005: ',' expected.
.expo/types/router.d.ts(10,2478): error TS1005: ',' expected.
.expo/types/router.d.ts(10,2515): error TS1005: ',' expected.
.expo/types/router.d.ts(10,2594): error TS1005: ',' expected.
.expo/types/router.d.ts(10,2631): error TS1005: ',' expected.
.expo/types/router.d.ts(10,2718): error TS1005: ',' expected.
.expo/types/router.d.ts(10,2755): error TS1005: ',' expected.
.expo/types/router.d.ts(10,2836): error TS1005: ',' expected.
.expo/types/router.d.ts(10,2873): error TS1005: ',' expected.
.expo/types/router.d.ts(10,2914): error TS1005: ',' expected.
.expo/types/router.d.ts(10,2951): error TS1005: ',' expected.
.expo/types/router.d.ts(10,2982): error TS1005: ',' expected.
.expo/types/router.d.ts(10,3019): error TS1005: ',' expected.
.expo/types/router.d.ts(10,3051): error TS1005: ',' expected.
.expo/types/router.d.ts(10,3088): error TS1005: ',' expected.
.expo/types/router.d.ts(10,3126): error TS1005: ',' expected.
.expo/types/router.d.ts(10,3163): error TS1005: ',' expected.
.expo/types/router.d.ts(10,3198): error TS1005: ',' expected.
.expo/types/router.d.ts(10,3235): error TS1005: ',' expected.
.expo/types/router.d.ts(10,3280): error TS1005: ',' expected.
.expo/types/router.d.ts(10,3317): error TS1005: ',' expected.
.expo/types/router.d.ts(10,3352): error TS1005: ',' expected.
.expo/types/router.d.ts(10,3389): error TS1005: ',' expected.
.expo/types/router.d.ts(10,3423): error TS1005: ',' expected.
.expo/types/router.d.ts(10,3460): error TS1005: ',' expected.
.expo/types/router.d.ts(10,3489): error TS1005: ',' expected.
.expo/types/router.d.ts(10,3526): error TS1005: ',' expected.
.expo/types/router.d.ts(10,3570): error TS1005: ',' expected.
.expo/types/router.d.ts(10,3607): error TS1005: ',' expected.
.expo/types/router.d.ts(10,3655): error TS1005: ',' expected.
.expo/types/router.d.ts(10,3692): error TS1005: ',' expected.
.expo/types/router.d.ts(10,3732): error TS1005: ',' expected.
.expo/types/router.d.ts(10,3769): error TS1005: ',' expected.
.expo/types/router.d.ts(10,3807): error TS1005: ',' expected.
.expo/types/router.d.ts(10,3844): error TS1005: ',' expected.
.expo/types/router.d.ts(10,3890): error TS1005: ',' expected.
.expo/types/router.d.ts(10,3927): error TS1005: ',' expected.
.expo/types/router.d.ts(10,3973): error TS1005: ',' expected.
.expo/types/router.d.ts(10,4010): error TS1005: ',' expected.
.expo/types/router.d.ts(10,4047): error TS1005: ']' expected.
.expo/types/router.d.ts(10,4084): error TS1005: ',' expected.
.expo/types/router.d.ts(10,4194): error TS1005: ',' expected.
.expo/types/router.d.ts(10,4298): error TS1005: ',' expected.
.expo/types/router.d.ts(10,4386): error TS1005: ',' expected.
.expo/types/router.d.ts(11,4106): error TS1005: ',' expected.
.expo/types/router.d.ts(11,4142): error TS1005: ',' expected.
.expo/types/router.d.ts(11,4170): error TS1005: ',' expected.
.expo/types/router.d.ts(11,4206): error TS1005: ',' expected.
.expo/types/router.d.ts(11,4231): error TS1005: ',' expected.
.expo/types/router.d.ts(11,4267): error TS1005: ',' expected.
.expo/types/router.d.ts(11,4288): error TS1005: ',' expected.
.expo/types/router.d.ts(11,4324): error TS1005: ',' expected.
.expo/types/router.d.ts(11,4355): error TS1005: ',' expected.
.expo/types/router.d.ts(11,4391): error TS1005: ',' expected.
.expo/types/router.d.ts(11,4419): error TS1005: ',' expected.
.expo/types/router.d.ts(11,4455): error TS1005: ',' expected.
.expo/types/router.d.ts(11,4481): error TS1005: ',' expected.
.expo/types/router.d.ts(11,4517): error TS1005: ',' expected.
.expo/types/router.d.ts(11,4546): error TS1005: ',' expected.
.expo/types/router.d.ts(11,4582): error TS1005: ',' expected.
.expo/types/router.d.ts(11,4647): error TS1005: ',' expected.
.expo/types/router.d.ts(11,4683): error TS1005: ',' expected.
.expo/types/router.d.ts(11,4764): error TS1005: ',' expected.
.expo/types/router.d.ts(11,4800): error TS1005: ',' expected.
.expo/types/router.d.ts(11,4849): error TS1005: ',' expected.
.expo/types/router.d.ts(11,4885): error TS1005: ',' expected.
.expo/types/router.d.ts(11,4932): error TS1005: ',' expected.
.expo/types/router.d.ts(11,4968): error TS1005: ',' expected.
.expo/types/router.d.ts(11,5025): error TS1005: ',' expected.
.expo/types/router.d.ts(11,5061): error TS1005: ',' expected.
.expo/types/router.d.ts(11,5146): error TS1005: ',' expected.
.expo/types/router.d.ts(11,5182): error TS1005: ',' expected.
.expo/types/router.d.ts(11,5251): error TS1005: ',' expected.
.expo/types/router.d.ts(11,5287): error TS1005: ',' expected.
.expo/types/router.d.ts(11,5340): error TS1005: ',' expected.
.expo/types/router.d.ts(11,5376): error TS1005: ',' expected.
.expo/types/router.d.ts(11,5459): error TS1005: ',' expected.
.expo/types/router.d.ts(11,5495): error TS1005: ',' expected.
.expo/types/router.d.ts(11,5574): error TS1005: ',' expected.
.expo/types/router.d.ts(11,5610): error TS1005: ',' expected.
.expo/types/router.d.ts(11,5689): error TS1005: ',' expected.
.expo/types/router.d.ts(11,5725): error TS1005: ',' expected.
.expo/types/router.d.ts(11,5810): error TS1005: ',' expected.
.expo/types/router.d.ts(11,5846): error TS1005: ',' expected.
.expo/types/router.d.ts(11,5919): error TS1005: ',' expected.
.expo/types/router.d.ts(11,5955): error TS1005: ',' expected.
.expo/types/router.d.ts(11,6038): error TS1005: ',' expected.
.expo/types/router.d.ts(11,6074): error TS1005: ',' expected.
.expo/types/router.d.ts(11,6123): error TS1005: ',' expected.
.expo/types/router.d.ts(11,6159): error TS1005: ',' expected.
.expo/types/router.d.ts(11,6236): error TS1005: ',' expected.
.expo/types/router.d.ts(11,6272): error TS1005: ',' expected.
.expo/types/router.d.ts(11,6355): error TS1005: ',' expected.
.expo/types/router.d.ts(11,6391): error TS1005: ',' expected.
.expo/types/router.d.ts(11,6470): error TS1005: ',' expected.
.expo/types/router.d.ts(11,6506): error TS1005: ',' expected.
.expo/types/router.d.ts(11,6593): error TS1005: ',' expected.
.expo/types/router.d.ts(11,6629): error TS1005: ',' expected.
.expo/types/router.d.ts(11,6710): error TS1005: ',' expected.
.expo/types/router.d.ts(11,6746): error TS1005: ',' expected.
.expo/types/router.d.ts(11,6787): error TS1005: ',' expected.
.expo/types/router.d.ts(11,6823): error TS1005: ',' expected.
.expo/types/router.d.ts(11,6854): error TS1005: ',' expected.
.expo/types/router.d.ts(11,6890): error TS1005: ',' expected.
.expo/types/router.d.ts(11,6922): error TS1005: ',' expected.
.expo/types/router.d.ts(11,6958): error TS1005: ',' expected.
.expo/types/router.d.ts(11,6996): error TS1005: ',' expected.
.expo/types/router.d.ts(11,7032): error TS1005: ',' expected.
.expo/types/router.d.ts(11,7067): error TS1005: ',' expected.
.expo/types/router.d.ts(11,7103): error TS1005: ',' expected.
.expo/types/router.d.ts(11,7148): error TS1005: ',' expected.
.expo/types/router.d.ts(11,7184): error TS1005: ',' expected.
.expo/types/router.d.ts(11,7219): error TS1005: ',' expected.
.expo/types/router.d.ts(11,7255): error TS1005: ',' expected.
.expo/types/router.d.ts(11,7289): error TS1005: ',' expected.
.expo/types/router.d.ts(11,7325): error TS1005: ',' expected.
.expo/types/router.d.ts(11,7354): error TS1005: ',' expected.
.expo/types/router.d.ts(11,7390): error TS1005: ',' expected.
.expo/types/router.d.ts(11,7434): error TS1005: ',' expected.
.expo/types/router.d.ts(11,7470): error TS1005: ',' expected.
.expo/types/router.d.ts(11,7518): error TS1005: ',' expected.
.expo/types/router.d.ts(11,7554): error TS1005: ',' expected.
.expo/types/router.d.ts(11,7594): error TS1005: ',' expected.
.expo/types/router.d.ts(11,7630): error TS1005: ',' expected.
.expo/types/router.d.ts(11,7668): error TS1005: ',' expected.
.expo/types/router.d.ts(11,7704): error TS1005: ',' expected.
.expo/types/router.d.ts(11,7750): error TS1005: ',' expected.
.expo/types/router.d.ts(11,7786): error TS1005: ',' expected.
.expo/types/router.d.ts(11,7832): error TS1005: ',' expected.
.expo/types/router.d.ts(11,7868): error TS1005: ',' expected.
.expo/types/router.d.ts(11,7905): error TS1005: ']' expected.
.expo/types/router.d.ts(11,7941): error TS1005: ',' expected.
.expo/types/router.d.ts(11,8389): error TS1005: ',' expected.
.expo/types/router.d.ts(11,8501): error TS1005: ',' expected.
.expo/types/router.d.ts(11,8597): error TS1005: ',' expected.
.expo/types/router.d.ts(11,8602): error TS1005: ']' expected.
.expo/types/router.d.ts(13,3): error TS1128: Declaration or statement expected.
.expo/types/router.d.ts(14,1): error TS1128: Declaration or statement expected.
